2026-01-21 17:59:01,132 [INFO] Activator:176 - 


2026-01-21 17:59:01,136 [INFO] Activator:177 - !SESSION log4j initialized
2026-01-21 17:59:06,393 [INFO] LogOutputStream:77 - [STDOUT_REDIRECT] 
2026-01-21 17:59:11,501 [INFO] ApplicationProperties:184 - Using Application install path: C:\Users\MSI GF63\STM32CubeIDE_1.14.0\STM32CubeIDE\plugins\com.st.stm32cube.common.mx_6.15.0.202507011659
2026-01-21 17:59:11,519 [INFO] DbMcusXml:78 - Set database path to: C:\Users\MSI GF63\STM32CubeIDE_1.14.0\STM32CubeIDE\plugins\com.st.stm32cube.common.mx_6.15.0.202507011659\\db\/mcu/
2026-01-21 17:59:11,520 [INFO] ApiDb:274 - Set plugin database path to: C:\Users\MSI GF63\STM32CubeIDE_1.14.0\STM32CubeIDE\plugins\com.st.stm32cube.common.mx_6.15.0.202507011659\\db\/plugins/boardmanager/
2026-01-21 17:59:11,520 [WARN] ApiDb:259 - Overriding images path with different value:  => C:\Users\MSI GF63\STM32CubeIDE_1.14.0\STM32CubeIDE\plugins\com.st.stm32cube.common.mx_6.15.0.202507011659\\db\/plugins/mcufinder/images/
2026-01-21 17:59:11,533 [INFO] ApiDb:250 - Set database path to: C:\Users\MSI GF63\.stmcufinder\plugins\mcufinder//mcu/
2026-01-21 17:59:11,535 [INFO] DbMcusAds:125 - Set database path to: C:\Users\MSI GF63\.stmcufinder\plugins\mcufinder//mcu/
2026-01-21 17:59:11,538 [INFO] CrossReferenceDbSqlite:203 - Set database path to: C:\Users\MSI GF63\.stmcufinder\plugins\mcufinder//mcu/cs/
2026-01-21 17:59:11,663 [INFO] RulesReader:64 - Compatibility file has been processed (317 Rules)
2026-01-21 17:59:11,744 [INFO] DbMcusXml:78 - Set database path to: C:\Users\MSI GF63\STM32CubeIDE_1.14.0\STM32CubeIDE\plugins\com.st.stm32cube.common.mx_6.15.0.202507011659\\db\/mcu/
2026-01-21 17:59:11,744 [INFO] ApiDb:274 - Set plugin database path to: C:\Users\MSI GF63\STM32CubeIDE_1.14.0\STM32CubeIDE\plugins\com.st.stm32cube.common.mx_6.15.0.202507011659\\db\/plugins/boardmanager/
2026-01-21 17:59:11,744 [INFO] ApiDb:261 - Set plugin images path to: C:\Users\MSI GF63\STM32CubeIDE_1.14.0\STM32CubeIDE\plugins\com.st.stm32cube.common.mx_6.15.0.202507011659\\db\/plugins/mcufinder/images/
2026-01-21 17:59:11,744 [WARN] DbFile:41 - Overriding database path with different value: C:\Users\MSI GF63\.stmcufinder\plugins\mcufinder/ => C:\Users\MSI GF63\.stmcufinder\plugins\mcufinder
2026-01-21 17:59:11,745 [INFO] ApiDb:250 - Set database path to: C:\Users\MSI GF63\.stmcufinder\plugins\mcufinder//mcu/
2026-01-21 17:59:11,745 [WARN] DbFile:41 - Overriding database path with different value: C:\Users\MSI GF63\.stmcufinder\plugins\mcufinder/ => C:\Users\MSI GF63\.stmcufinder\plugins\mcufinder
2026-01-21 17:59:11,745 [INFO] DbMcusAds:125 - Set database path to: C:\Users\MSI GF63\.stmcufinder\plugins\mcufinder//mcu/
2026-01-21 17:59:11,745 [WARN] DbFile:41 - Overriding database path with different value: C:\Users\MSI GF63\.stmcufinder\plugins\mcufinder/ => C:\Users\MSI GF63\.stmcufinder\plugins\mcufinder
2026-01-21 17:59:11,745 [WARN] DbFile:41 - Overriding database path with different value: C:\Users\MSI GF63\.stmcufinder\plugins\mcufinder/ => C:\Users\MSI GF63\.stmcufinder\plugins\mcufinder
2026-01-21 17:59:11,745 [INFO] CrossReferenceDbSqlite:203 - Set database path to: C:\Users\MSI GF63\.stmcufinder\plugins\mcufinder//mcu/cs/
2026-01-21 17:59:11,854 [INFO] MainPanel:274 - HeapMemory: 268435456
2026-01-21 17:59:11,997 [INFO] DbMcusXml:78 - Set database path to: C:\Users\MSI GF63\STM32CubeIDE_1.14.0\STM32CubeIDE\plugins\com.st.stm32cube.common.mx_6.15.0.202507011659\\db\/mcu/
2026-01-21 17:59:11,998 [INFO] ApiDb:274 - Set plugin database path to: C:\Users\MSI GF63\STM32CubeIDE_1.14.0\STM32CubeIDE\plugins\com.st.stm32cube.common.mx_6.15.0.202507011659\\db\/plugins/boardmanager/
2026-01-21 17:59:11,998 [INFO] ApiDb:261 - Set plugin images path to: C:\Users\MSI GF63\STM32CubeIDE_1.14.0\STM32CubeIDE\plugins\com.st.stm32cube.common.mx_6.15.0.202507011659\\db\/plugins/mcufinder/images/
2026-01-21 17:59:11,998 [WARN] DbFile:41 - Overriding database path with different value: C:\Users\MSI GF63\.stmcufinder\plugins\mcufinder/ => C:\Users\MSI GF63\.stmcufinder\plugins\mcufinder
2026-01-21 17:59:11,998 [INFO] ApiDb:250 - Set database path to: C:\Users\MSI GF63\.stmcufinder\plugins\mcufinder//mcu/
2026-01-21 17:59:11,998 [WARN] DbFile:41 - Overriding database path with different value: C:\Users\MSI GF63\.stmcufinder\plugins\mcufinder/ => C:\Users\MSI GF63\.stmcufinder\plugins\mcufinder
2026-01-21 17:59:11,998 [INFO] DbMcusAds:125 - Set database path to: C:\Users\MSI GF63\.stmcufinder\plugins\mcufinder//mcu/
2026-01-21 17:59:11,998 [WARN] DbFile:41 - Overriding database path with different value: C:\Users\MSI GF63\.stmcufinder\plugins\mcufinder/ => C:\Users\MSI GF63\.stmcufinder\plugins\mcufinder
2026-01-21 17:59:11,998 [WARN] DbFile:41 - Overriding database path with different value: C:\Users\MSI GF63\.stmcufinder\plugins\mcufinder/ => C:\Users\MSI GF63\.stmcufinder\plugins\mcufinder
2026-01-21 17:59:11,998 [INFO] CrossReferenceDbSqlite:203 - Set database path to: C:\Users\MSI GF63\.stmcufinder\plugins\mcufinder//mcu/cs/
2026-01-21 17:59:12,022 [INFO] ApplicationProperties:184 - Using Application install path: C:\Users\MSI GF63\STM32CubeIDE_1.14.0\STM32CubeIDE\plugins\com.st.stm32cube.common.mx_6.15.0.202507011659
2026-01-21 17:59:12,024 [INFO] PluginManage:196 - Search for loadable plugins [exclusion list=, ]
2026-01-21 17:59:12,026 [INFO] PluginManage:310 - Check plugin analytics
2026-01-21 17:59:12,234 [INFO] AnalyticsPlugin:253 - Accepted Software Licenses: STM32CubeMX.6.13.0
2026-01-21 17:59:12,234 [INFO] AnalyticsPlugin:255 - Accepted CMSIS Pack Licenses: 
2026-01-21 17:59:12,234 [INFO] AnalyticsPlugin:257 - Accepted Firmware Licenses: FW.F4.1.28.0
2026-01-21 17:59:12,237 [INFO] PluginManage:359 - Loaded plugin analytics (category:tool,tabindex:-1)
2026-01-21 17:59:12,237 [INFO] PluginManage:310 - Check plugin cadmodel
2026-01-21 17:59:12,247 [INFO] CADModel:105 - Init CAD model plugin
2026-01-21 17:59:12,247 [INFO] PluginManage:359 - Loaded plugin cadmodel (category:power,tabindex:5)
2026-01-21 17:59:12,247 [INFO] PluginManage:310 - Check plugin clock
2026-01-21 17:59:12,260 [INFO] PluginManage:359 - Loaded plugin clock (category:base,tabindex:2)
2026-01-21 17:59:12,260 [INFO] PluginManage:310 - Check plugin ddr
2026-01-21 17:59:12,263 [INFO] PluginManage:359 - Loaded plugin ddr (category:tool,tabindex:6)
2026-01-21 17:59:12,263 [INFO] PluginManage:310 - Check plugin filemanager
2026-01-21 17:59:12,441 [INFO] PluginManage:359 - Loaded plugin filemanager (category:base,tabindex:10)
2026-01-21 17:59:12,441 [INFO] PluginManage:310 - Check plugin ipmanager
2026-01-21 17:59:12,448 [INFO] PluginManage:359 - Loaded plugin ipmanager (category:base,tabindex:5)
2026-01-21 17:59:12,449 [INFO] PluginManage:310 - Check plugin lpbam
2026-01-21 17:59:12,457 [INFO] PluginManage:359 - Loaded plugin lpbam (category:base,tabindex:0)
2026-01-21 17:59:12,458 [INFO] PluginManage:310 - Check plugin memorymap
2026-01-21 17:59:12,475 [INFO] PluginManage:359 - Loaded plugin memorymap (category:base,tabindex:4)
2026-01-21 17:59:12,475 [INFO] PluginManage:310 - Check plugin pinoutandconfiguration
2026-01-21 17:59:12,486 [INFO] PluginManage:359 - Loaded plugin pinoutandconfiguration (category:base,tabindex:1)
2026-01-21 17:59:12,486 [INFO] PluginManage:310 - Check plugin pinoutconfig
2026-01-21 17:59:12,573 [WARN] SupportedApi:132 - Cannot load RTOS API schema: s4s-elt-must-match.1: The content of 'definitions' must match (annotation?, (simpleType | complexType)?, (unique | key | keyref)*)). A problem was found starting at: attribute.
2026-01-21 17:59:12,728 [INFO] PluginManage:359 - Loaded plugin pinoutconfig (category:base,tabindex:0)
2026-01-21 17:59:12,729 [INFO] PluginManage:310 - Check plugin power
2026-01-21 17:59:12,741 [INFO] PluginManage:359 - Loaded plugin power (category:power,tabindex:4)
2026-01-21 17:59:12,741 [INFO] PluginManage:310 - Check plugin projectmanager
2026-01-21 17:59:12,756 [INFO] PluginManage:359 - Loaded plugin projectmanager (category:projectmanager,tabindex:4)
2026-01-21 17:59:12,756 [INFO] PluginManage:310 - Check plugin rif
2026-01-21 17:59:12,767 [INFO] PluginManage:359 - Loaded plugin rif (category:base,tabindex:3)
2026-01-21 17:59:12,767 [INFO] PluginManage:310 - Check plugin thirdparty
2026-01-21 17:59:12,888 [WARN] IntegrityCheckThread:84 - waiting for thirdparty lock release [integrity check]
2026-01-21 17:59:12,889 [INFO] PluginManage:359 - Loaded plugin thirdparty (category:base,tabindex:-1)
2026-01-21 17:59:12,889 [INFO] IntegrityCheckThread:86 - entering critical section [integrity check]
2026-01-21 17:59:12,889 [INFO] PluginManage:310 - Check plugin tools
2026-01-21 17:59:12,889 [INFO] ThirdPartyUpdaterWithRetryManager:70 - Updater plugin not ready yet. [1/15]
2026-01-21 17:59:12,893 [INFO] PluginManage:359 - Loaded plugin tools (category:base,tabindex:7)
2026-01-21 17:59:12,893 [INFO] PluginManage:310 - Check plugin tutovideos
2026-01-21 17:59:13,058 [INFO] PluginManage:359 - Loaded plugin tutovideos (category:base,tabindex:-1)
2026-01-21 17:59:13,058 [INFO] PluginManage:310 - Check plugin updater
2026-01-21 17:59:13,078 [INFO] PluginManage:359 - Loaded plugin updater (category:base,tabindex:12)
2026-01-21 17:59:13,078 [INFO] PluginManage:310 - Check plugin userauth
2026-01-21 17:59:13,082 [INFO] UserAuth:118 - Init User Auth plugin
2026-01-21 17:59:13,083 [INFO] PluginManage:359 - Loaded plugin userauth (category:base,tabindex:14)
2026-01-21 17:59:13,083 [INFO] PluginManage:283 - PluginManage : Loaded plugins [18]
2026-01-21 17:59:13,262 [INFO] PinOutPanel:1589 - setPackage(No Configuration,No Configuration)
2026-01-21 17:59:13,342 [INFO] CADModel:165 - CPN selected for project level
2026-01-21 17:59:13,343 [INFO] CADModel:114 - Register for checkConnection events
2026-01-21 17:59:13,358 [INFO] IPUIPlugin:80 - create IPUIPlugin
2026-01-21 17:59:13,359 [INFO] PluginManager:220 - loadIPPluginJar : add adc
2026-01-21 17:59:13,361 [INFO] IPUIPlugin:80 - create IPUIPlugin
2026-01-21 17:59:13,361 [INFO] PluginManager:220 - loadIPPluginJar : add aes
2026-01-21 17:59:13,365 [INFO] IPUIPlugin:80 - create IPUIPlugin
2026-01-21 17:59:13,365 [INFO] PluginManager:220 - loadIPPluginJar : add can
2026-01-21 17:59:13,367 [INFO] IPUIPlugin:80 - create IPUIPlugin
2026-01-21 17:59:13,367 [INFO] PluginManager:220 - loadIPPluginJar : add comp
2026-01-21 17:59:13,369 [INFO] IPUIPlugin:80 - create IPUIPlugin
2026-01-21 17:59:13,369 [INFO] PluginManager:220 - loadIPPluginJar : add cryp
2026-01-21 17:59:13,372 [INFO] IPUIPlugin:80 - create IPUIPlugin
2026-01-21 17:59:13,372 [INFO] PluginManager:220 - loadIPPluginJar : add ddr_ctrl_phy
2026-01-21 17:59:13,375 [INFO] IPUIPlugin:80 - create IPUIPlugin
2026-01-21 17:59:13,375 [INFO] PluginManager:220 - loadIPPluginJar : add dfsdm
2026-01-21 17:59:13,379 [INFO] IPUIPlugin:80 - create IPUIPlugin
2026-01-21 17:59:13,380 [INFO] PluginManager:220 - loadIPPluginJar : add dma
2026-01-21 17:59:13,382 [INFO] IPUIPlugin:80 - create IPUIPlugin
2026-01-21 17:59:13,382 [INFO] PluginManager:220 - loadIPPluginJar : add dma3
2026-01-21 17:59:13,385 [INFO] IPUIPlugin:80 - create IPUIPlugin
2026-01-21 17:59:13,385 [INFO] PluginManager:220 - loadIPPluginJar : add extmemmanager
2026-01-21 17:59:13,386 [INFO] IPUIPlugin:80 - create IPUIPlugin
2026-01-21 17:59:13,386 [INFO] PluginManager:220 - loadIPPluginJar : add fatfs
2026-01-21 17:59:13,390 [INFO] IPUIPlugin:80 - create IPUIPlugin
2026-01-21 17:59:13,390 [INFO] PluginManager:220 - loadIPPluginJar : add fmc
2026-01-21 17:59:13,395 [INFO] IPUIPlugin:80 - create IPUIPlugin
2026-01-21 17:59:13,396 [INFO] PluginManager:220 - loadIPPluginJar : add freertos
2026-01-21 17:59:13,398 [INFO] IPUIPlugin:80 - create IPUIPlugin
2026-01-21 17:59:13,398 [INFO] PluginManager:220 - loadIPPluginJar : add genericplugin
2026-01-21 17:59:13,401 [INFO] IPUIPlugin:80 - create IPUIPlugin
2026-01-21 17:59:13,401 [INFO] PluginManager:220 - loadIPPluginJar : add gfxmmu
2026-01-21 17:59:13,405 [INFO] IPUIPlugin:80 - create IPUIPlugin
2026-01-21 17:59:13,405 [INFO] PluginManager:220 - loadIPPluginJar : add gic
2026-01-21 17:59:13,408 [INFO] IPUIPlugin:80 - create IPUIPlugin
2026-01-21 17:59:13,409 [INFO] PluginManager:220 - loadIPPluginJar : add gpio
2026-01-21 17:59:13,411 [INFO] IPUIPlugin:80 - create IPUIPlugin
2026-01-21 17:59:13,412 [INFO] PluginManager:220 - loadIPPluginJar : add gtzc
2026-01-21 17:59:13,414 [INFO] IPUIPlugin:80 - create IPUIPlugin
2026-01-21 17:59:13,415 [INFO] PluginManager:220 - loadIPPluginJar : add hash
2026-01-21 17:59:13,417 [INFO] IPUIPlugin:80 - create IPUIPlugin
2026-01-21 17:59:13,417 [INFO] PluginManager:220 - loadIPPluginJar : add i2c
2026-01-21 17:59:13,419 [INFO] IPUIPlugin:80 - create IPUIPlugin
2026-01-21 17:59:13,420 [INFO] PluginManager:220 - loadIPPluginJar : add i2s
2026-01-21 17:59:13,423 [INFO] IPUIPlugin:80 - create IPUIPlugin
2026-01-21 17:59:13,423 [INFO] PluginManager:220 - loadIPPluginJar : add i3c
2026-01-21 17:59:13,426 [INFO] IPUIPlugin:80 - create IPUIPlugin
2026-01-21 17:59:13,426 [INFO] PluginManager:220 - loadIPPluginJar : add ipddr
2026-01-21 17:59:13,432 [INFO] IPUIPlugin:80 - create IPUIPlugin
2026-01-21 17:59:13,432 [INFO] PluginManager:220 - loadIPPluginJar : add linkedlist
2026-01-21 17:59:13,435 [INFO] IPUIPlugin:80 - create IPUIPlugin
2026-01-21 17:59:13,435 [INFO] PluginManager:220 - loadIPPluginJar : add lorawan
2026-01-21 17:59:13,437 [INFO] IPUIPlugin:80 - create IPUIPlugin
2026-01-21 17:59:13,437 [INFO] PluginManager:220 - loadIPPluginJar : add ltdc
2026-01-21 17:59:13,442 [INFO] IPUIPlugin:80 - create IPUIPlugin
2026-01-21 17:59:13,442 [INFO] PluginManager:220 - loadIPPluginJar : add mdma
2026-01-21 17:59:13,445 [INFO] IPUIPlugin:80 - create IPUIPlugin
2026-01-21 17:59:13,446 [INFO] PluginManager:220 - loadIPPluginJar : add nvic
2026-01-21 17:59:13,448 [INFO] IPUIPlugin:80 - create IPUIPlugin
2026-01-21 17:59:13,448 [INFO] PluginManager:220 - loadIPPluginJar : add opamp
2026-01-21 17:59:13,452 [INFO] IPUIPlugin:80 - create IPUIPlugin
2026-01-21 17:59:13,452 [INFO] PluginManager:220 - loadIPPluginJar : add openamp
2026-01-21 17:59:13,456 [INFO] IPUIPlugin:80 - create IPUIPlugin
2026-01-21 17:59:13,456 [INFO] PluginManager:220 - loadIPPluginJar : add pdm2pcm
2026-01-21 17:59:13,461 [INFO] IPUIPlugin:80 - create IPUIPlugin
2026-01-21 17:59:13,464 [INFO] PluginManager:220 - loadIPPluginJar : add plateformsettings
2026-01-21 17:59:13,466 [INFO] IPUIPlugin:80 - create IPUIPlugin
2026-01-21 17:59:13,466 [INFO] PluginManager:220 - loadIPPluginJar : add quadspi
2026-01-21 17:59:13,468 [INFO] IPUIPlugin:80 - create IPUIPlugin
2026-01-21 17:59:13,468 [INFO] PluginManager:220 - loadIPPluginJar : add radio
2026-01-21 17:59:13,472 [INFO] IPUIPlugin:80 - create IPUIPlugin
2026-01-21 17:59:13,472 [INFO] PluginManager:220 - loadIPPluginJar : add resmgrutility
2026-01-21 17:59:13,476 [INFO] IPUIPlugin:80 - create IPUIPlugin
2026-01-21 17:59:13,476 [INFO] PluginManager:220 - loadIPPluginJar : add sai
2026-01-21 17:59:13,478 [INFO] IPUIPlugin:80 - create IPUIPlugin
2026-01-21 17:59:13,478 [INFO] PluginManager:220 - loadIPPluginJar : add spi
2026-01-21 17:59:13,483 [INFO] IPUIPlugin:80 - create IPUIPlugin
2026-01-21 17:59:13,483 [INFO] PluginManager:220 - loadIPPluginJar : add stm32_wpan
2026-01-21 17:59:13,485 [INFO] IPUIPlugin:80 - create IPUIPlugin
2026-01-21 17:59:13,485 [INFO] PluginManager:220 - loadIPPluginJar : add tim
2026-01-21 17:59:13,488 [INFO] IPUIPlugin:80 - create IPUIPlugin
2026-01-21 17:59:13,488 [INFO] PluginManager:220 - loadIPPluginJar : add touchsensing
2026-01-21 17:59:13,490 [INFO] IPUIPlugin:80 - create IPUIPlugin
2026-01-21 17:59:13,491 [INFO] PluginManager:220 - loadIPPluginJar : add tracer_emb
2026-01-21 17:59:13,493 [INFO] IPUIPlugin:80 - create IPUIPlugin
2026-01-21 17:59:13,493 [INFO] PluginManager:220 - loadIPPluginJar : add ts
2026-01-21 17:59:13,495 [INFO] IPUIPlugin:80 - create IPUIPlugin
2026-01-21 17:59:13,495 [INFO] PluginManager:220 - loadIPPluginJar : add tsc
2026-01-21 17:59:13,497 [INFO] IPUIPlugin:80 - create IPUIPlugin
2026-01-21 17:59:13,497 [INFO] PluginManager:220 - loadIPPluginJar : add ucpd
2026-01-21 17:59:13,499 [INFO] IPUIPlugin:80 - create IPUIPlugin
2026-01-21 17:59:13,499 [INFO] PluginManager:220 - loadIPPluginJar : add usart
2026-01-21 17:59:13,501 [INFO] IPUIPlugin:80 - create IPUIPlugin
2026-01-21 17:59:13,501 [INFO] PluginManager:220 - loadIPPluginJar : add usbx
2026-01-21 17:59:13,616 [FATAL] Updater:351 - Updater called before beeing initialized
2026-01-21 17:59:13,652 [INFO] RulesReader:64 - Compatibility file has been processed (317 Rules)
2026-01-21 17:59:13,661 [INFO] RulesReader:64 - Compatibility file has been processed (317 Rules)
2026-01-21 17:59:13,668 [INFO] CADModel:165 - CPN selected for project level
2026-01-21 17:59:13,668 [INFO] CADModel:114 - Register for checkConnection events
2026-01-21 17:59:13,669 [FATAL] Updater:351 - Updater called before beeing initialized
2026-01-21 17:59:13,669 [ERROR] CADModel:125 - Updater not yet initialized, retry later 
2026-01-21 17:59:13,782 [FATAL] Updater:351 - Updater called before beeing initialized
2026-01-21 17:59:13,784 [INFO] CADModel:165 - CPN selected for project level
2026-01-21 17:59:13,784 [INFO] CADModel:114 - Register for checkConnection events
2026-01-21 17:59:13,784 [FATAL] Updater:351 - Updater called before beeing initialized
2026-01-21 17:59:13,784 [ERROR] CADModel:125 - Updater not yet initialized, retry later 
2026-01-21 17:59:13,786 [FATAL] Updater:351 - Updater called before beeing initialized
2026-01-21 17:59:13,861 [FATAL] Updater:351 - Updater called before beeing initialized
2026-01-21 17:59:13,864 [INFO] DbMcusAds:53 - JSON generation date=Tue Dec 16 04:41:46 IST 2025 (1765840306612)
2026-01-21 17:59:13,864 [FATAL] Updater:351 - Updater called before beeing initialized
2026-01-21 17:59:13,895 [WARN] DetailPanel:346 - Failed to get advertising image, set to default
2026-01-21 17:59:13,957 [FATAL] Updater:351 - Updater called before beeing initialized
2026-01-21 17:59:13,959 [FATAL] Updater:351 - Updater called before beeing initialized
2026-01-21 17:59:13,959 [FATAL] Updater:351 - Updater called before beeing initialized
2026-01-21 17:59:13,959 [WARN] DetailPanel:346 - Failed to get advertising image, set to default
2026-01-21 17:59:13,960 [FATAL] Updater:351 - Updater called before beeing initialized
2026-01-21 17:59:13,997 [ERROR] Updater:1198 - MainUpdater not yet initialized. External WinMGr cannot be set.
2026-01-21 17:59:13,999 [INFO] Updater:1134 - Updater Version found : 6.15.0
2026-01-21 17:59:14,013 [INFO] ApplicationProperties:184 - Using Application install path: C:\Users\MSI GF63\STM32CubeIDE_1.14.0\STM32CubeIDE\plugins\com.st.stm32cube.common.mx_6.15.0.202507011659
2026-01-21 17:59:14,502 [INFO] MainUpdater:2872 - connection check result : 10
2026-01-21 17:59:14,502 [INFO] MainUpdater:3604 - Updater definition file requires update
2026-01-21 17:59:14,503 [INFO] MainUpdater:289 - Updater Check For Update Now.
2026-01-21 17:59:14,503 [INFO] MicroXplorer:498 - Change Database Version : DB.6.0.150
2026-01-21 17:59:14,523 [INFO] McuFinderGlobals:63 - Set McuFinder mode to 2 (CubeIDE integrated)
2026-01-21 17:59:14,524 [INFO] UserAuth:487 - Internet connection configuration mode: 1
2026-01-21 17:59:14,541 [INFO] JxBrowserEngine:152 - Initiate JxBrowser Engine with user profile folder
2026-01-21 17:59:14,922 [INFO] ServerAccessManage:452 - Complete download http(s) 200
2026-01-21 17:59:14,922 [INFO] ServerAccessManage:509 - Download File updaters.zip
2026-01-21 17:59:15,030 [INFO] FileExtend:248 - Unzip File : updaters.zip
2026-01-21 17:59:15,030 [INFO] FileExtend:263 - Standard Zip Deflate
2026-01-21 17:59:15,537 [INFO] WebApp:169 - Instantiating new browser for Auth
2026-01-21 17:59:15,890 [WARN] MainUpdater:1193 - Updater busy. Cannot search thirdparties
2026-01-21 17:59:15,890 [INFO] ThirdPartyUpdaterWithRetryManager:96 - Updater plugin is busy. [1/15]
2026-01-21 17:59:16,216 [INFO] WebApp:463 - Apply proxy settings
2026-01-21 17:59:16,216 [INFO] WebApp:548 - Chromium requires no authentication
2026-01-21 17:59:16,233 [INFO] WebApp:491 - Direct internet connection detected
2026-01-21 17:59:16,268 [INFO] WebApp:900 - Register for checkConnection events
2026-01-21 17:59:16,269 [INFO] WebApp:463 - Apply proxy settings
2026-01-21 17:59:16,269 [INFO] WebApp:548 - Chromium requires no authentication
2026-01-21 17:59:16,269 [INFO] WebApp:491 - Direct internet connection detected
2026-01-21 17:59:16,468 [INFO] WebApp:225 - Starting web application
2026-01-21 17:59:16,468 [INFO] WebApp:593 - Web application path used C:\Users\MSI GF63\STM32CubeIDE_1.14.0\STM32CubeIDE\plugins\com.st.stm32cube.common.mx_6.15.0.202507011659\db\plugins\mcufinder\reactClient1\index.html
2026-01-21 17:59:16,547 [INFO] UserAuth:487 - Internet connection configuration mode: 1
2026-01-21 17:59:16,723 [INFO] WebApp:191 - Connection restablished
2026-01-21 17:59:18,893 [WARN] MainUpdater:1193 - Updater busy. Cannot search thirdparties
2026-01-21 17:59:18,893 [INFO] ThirdPartyUpdaterWithRetryManager:96 - Updater plugin is busy. [2/15]
2026-01-21 17:59:18,903 [INFO] ServerAccessManage:452 - Complete download http(s) 200
2026-01-21 17:59:18,903 [INFO] ServerAccessManage:509 - Download File PacksControlFlags.xml
2026-01-21 17:59:19,119 [INFO] ServerAccessManage:452 - Complete download http(s) 200
2026-01-21 17:59:19,119 [INFO] ServerAccessManage:509 - Download File cubemx.pidx
2026-01-21 17:59:20,632 [INFO] ServerAccessManage:452 - Complete download http(s) 200
2026-01-21 17:59:20,632 [INFO] ServerAccessManage:509 - Download File STMicroelectronics.X-CUBE-NFC6.pdsc
2026-01-21 17:59:21,483 [INFO] ServerAccessManage:452 - Complete download http(s) 200
2026-01-21 17:59:21,483 [INFO] ServerAccessManage:509 - Download File STMicroelectronics.X-CUBE-STSE01.pdsc
2026-01-21 17:59:21,893 [WARN] MainUpdater:1193 - Updater busy. Cannot search thirdparties
2026-01-21 17:59:21,893 [INFO] ThirdPartyUpdaterWithRetryManager:96 - Updater plugin is busy. [3/15]
2026-01-21 17:59:22,324 [WARN] PackLoader:240 - Cannot read IP mode file for STMicroelectronics.X-CUBE-NFC6.3.2.0
2026-01-21 17:59:22,337 [WARN] PackLoader:240 - Cannot read IP mode file for STMicroelectronics.X-CUBE-STSE01.2.0.0
2026-01-21 17:59:22,340 [INFO] PopulateThirdPartyThread:66 - Ending populate Thread
2026-01-21 17:59:22,341 [INFO] ThirdParty:1030 - CMSIS Pack Vendor :STMicroelectronics X-CUBE-STSE01 2.0.0
2026-01-21 17:59:22,341 [INFO] ThirdParty:1030 - CMSIS Pack Vendor :STMicroelectronics X-CUBE-NFC6 3.2.0
2026-01-21 17:59:22,342 [INFO] LoadServerUpdatesThread:375 - End of LoadServerUpdate Thread
2026-01-21 17:59:22,437 [INFO] CheckServerUpdateThread:120 - End of CheckServer Thread
2026-01-21 17:59:25,130 [WARN] PackLoader:240 - Cannot read IP mode file for STMicroelectronics.FP-SNS-MOTENVWB1.1.4.0
2026-01-21 17:59:25,135 [WARN] PackLoader:240 - Cannot read IP mode file for STMicroelectronics.FP-ATR-ASTRA1.2.0.2
2026-01-21 17:59:25,138 [WARN] PackLoader:240 - Cannot read IP mode file for STMicroelectronics.FP-ATR-ASTRA1.2.0.1
2026-01-21 17:59:25,147 [WARN] PackLoader:240 - Cannot read IP mode file for STMicroelectronics.X-CUBE-SMBUS.2.1.0
2026-01-21 17:59:25,152 [WARN] PackLoader:240 - Cannot read IP mode file for STMicroelectronics.X-CUBE-WB05N.1.1.0
2026-01-21 17:59:25,157 [WARN] PackLoader:240 - Cannot read IP mode file for STMicroelectronics.X-CUBE-ST60.1.0.0
2026-01-21 17:59:25,161 [WARN] PackLoader:240 - Cannot read IP mode file for STMicroelectronics.X-CUBE-TOUCHGFX.4.23.0
2026-01-21 17:59:25,175 [WARN] PackLoader:240 - Cannot read IP mode file for STMicroelectronics.X-CUBE-AZRTOS-F7.1.1.0
2026-01-21 17:59:25,181 [WARN] PackLoader:240 - Cannot read IP mode file for Cesanta.I-CUBE-Mongoose.7.19.0
2026-01-21 17:59:25,185 [WARN] PackLoader:240 - Cannot read IP mode file for STMicroelectronics.FP-SNS-MOTENV1.4.3.2
2026-01-21 17:59:25,216 [WARN] PackLoader:240 - Cannot read IP mode file for STMicroelectronics.X-CUBE-MEMS1.11.0.0
2026-01-21 17:59:25,287 [WARN] PackLoader:240 - Cannot read IP mode file for STMicroelectronics.FP-SNS-MOTENV1.5.1.0
2026-01-21 17:59:25,295 [WARN] PackLoader:240 - Cannot read IP mode file for WES.I-CUBE-Cesium.1.4.0
2026-01-21 17:59:25,300 [WARN] PackLoader:240 - Cannot read IP mode file for STMicroelectronics.FP-SNS-FLIGHT1.5.0.2
2026-01-21 17:59:25,314 [WARN] PackLoader:240 - Cannot read IP mode file for Infineon.AIROC-Wi-Fi-Bluetooth-STM32.1.7.0
2026-01-21 17:59:25,329 [WARN] PackLoader:240 - Cannot read IP mode file for Infineon.AIROC-Wi-Fi-Bluetooth-STM32.1.7.1
2026-01-21 17:59:25,344 [WARN] PackLoader:240 - Cannot read IP mode file for STMicroelectronics.X-CUBE-AZRTOS-H7.3.4.0
2026-01-21 17:59:25,350 [WARN] PackLoader:240 - Cannot read IP mode file for STMicroelectronics.X-CUBE-DISPLAY.3.0.0
2026-01-21 17:59:25,356 [WARN] PackLoader:240 - Cannot read IP mode file for STMicroelectronics.X-CUBE-BLE1.7.0.0
2026-01-21 17:59:25,361 [WARN] PackLoader:240 - Cannot read IP mode file for STMicroelectronics.X-CUBE-NFC10.1.0.0
2026-01-21 17:59:25,368 [WARN] PackLoader:240 - Cannot read IP mode file for STMicroelectronics.X-CUBE-BLEMGR.4.0.0
2026-01-21 17:59:25,372 [WARN] PackLoader:240 - Cannot read IP mode file for STMicroelectronics.X-CUBE-ST60.1.1.0
2026-01-21 17:59:25,377 [WARN] PackLoader:240 - Cannot read IP mode file for emotas.I-CUBE-CANOPEN.1.3.0
2026-01-21 17:59:25,382 [WARN] PackLoader:240 - Cannot read IP mode file for STMicroelectronics.X-CUBE-GNSS1.7.1.0
2026-01-21 17:59:25,385 [WARN] PackLoader:240 - Cannot read IP mode file for STMicroelectronics.X-CUBE-TOUCHGFX.4.22.1
2026-01-21 17:59:25,388 [WARN] ConditionMgr:438 - getConditionDescription Invalid condition id : Cortex-A Device cause : null
2026-01-21 17:59:25,398 [WARN] ConditionMgr:1044 - genDependencies : Invalid condition id : Cortex-A Device cause : null
2026-01-21 17:59:25,398 [WARN] ConditionMgr:1044 - genDependencies : Invalid condition id : Cortex-A Device cause : null
2026-01-21 17:59:25,398 [WARN] ConditionMgr:1044 - genDependencies : Invalid condition id : Cortex-A Device cause : null
2026-01-21 17:59:25,404 [WARN] PackLoader:240 - Cannot read IP mode file for STMicroelectronics.FP-SNS-STBOX1.2.1.0
2026-01-21 17:59:25,409 [WARN] PackLoader:240 - Cannot read IP mode file for STMicroelectronics.FP-SNS-SMARTAG2.1.2.0
2026-01-21 17:59:25,412 [WARN] PackLoader:240 - Cannot read IP mode file for STMicroelectronics.FP-SNS-FLIGHT1.5.1.0
2026-01-21 17:59:25,417 [INFO] LogOutputStream:77 - [STDOUT_REDIRECT] 1 : Invalid condition id : UX_CORESTACK_Condition cause : null
2026-01-21 17:59:25,418 [INFO] LogOutputStream:77 - [STDOUT_REDIRECT] 1 : Invalid condition id : UX_CORESTACK_Condition cause : null
2026-01-21 17:59:25,418 [INFO] LogOutputStream:77 - [STDOUT_REDIRECT] 1 : Invalid condition id : UX_CORESTACK_Condition cause : null
2026-01-21 17:59:25,419 [INFO] LogOutputStream:77 - [STDOUT_REDIRECT] 1 : Invalid condition id : UX_CORESTACK_Condition cause : null
2026-01-21 17:59:25,420 [INFO] LogOutputStream:77 - [STDOUT_REDIRECT] 1 : Invalid condition id : UX_CORESTACK_Condition cause : null
2026-01-21 17:59:25,421 [WARN] PackLoader:240 - Cannot read IP mode file for STMicroelectronics.X-CUBE-AZRTOS-WL.2.0.0
2026-01-21 17:59:25,426 [WARN] PackLoader:240 - Cannot read IP mode file for STMicroelectronics.FP-SNS-MOTENV1.5.0.0
2026-01-21 17:59:25,439 [WARN] PackLoader:240 - Cannot read IP mode file for STMicroelectronics.X-CUBE-AZRTOS-H7RS.1.2.0
2026-01-21 17:59:25,444 [WARN] PackLoader:240 - Cannot read IP mode file for wolfSSL.I-CUBE-wolfMQTT.1.19.0
2026-01-21 17:59:25,447 [WARN] PackLoader:240 - Cannot read IP mode file for WES.I-CUBE-Cesium.1.3.0
2026-01-21 17:59:25,451 [WARN] PackLoader:240 - Cannot read IP mode file for STMicroelectronics.X-CUBE-BLE2.3.3.0
2026-01-21 17:59:25,465 [WARN] PackLoader:240 - Cannot read IP mode file for STMicroelectronics.X-CUBE-NFC9.1.0.0
2026-01-21 17:59:25,468 [WARN] PackLoader:240 - Cannot read IP mode file for wolfSSL.I-CUBE-wolfSSL.5.8.0
2026-01-21 17:59:25,472 [WARN] PackLoader:240 - Cannot read IP mode file for wolfSSL.I-CUBE-wolfSSL.5.8.2
2026-01-21 17:59:25,474 [WARN] PackLoader:240 - Cannot read IP mode file for STMicroelectronics.X-CUBE-BLE1.7.1.0
2026-01-21 17:59:25,478 [WARN] PackLoader:240 - Cannot read IP mode file for wolfSSL.I-CUBE-wolfMQTT.1.19.2
2026-01-21 17:59:25,482 [WARN] PackLoader:240 - Cannot read IP mode file for STMicroelectronics.X-CUBE-TCPP.4.1.0
2026-01-21 17:59:25,488 [WARN] PackLoader:240 - Cannot read IP mode file for STMicroelectronics.X-CUBE-FREERTOS.1.4.0
2026-01-21 17:59:25,492 [WARN] PackLoader:240 - Cannot read IP mode file for STMicroelectronics.X-CUBE-EEPRMA1.5.2.0
2026-01-21 17:59:25,497 [WARN] PackLoader:240 - Cannot read IP mode file for STMicroelectronics.X-CUBE-ST67W61.1.1.0
2026-01-21 17:59:25,502 [WARN] PackLoader:240 - Cannot read IP mode file for STMicroelectronics.X-CUBE-AI.10.1.0
2026-01-21 17:59:25,538 [WARN] PackLoader:240 - Cannot read IP mode file for STMicroelectronics.X-CUBE-MEMS1.12.0.0
2026-01-21 17:59:25,578 [WARN] PackLoader:240 - Cannot read IP mode file for STMicroelectronics.X-CUBE-ALGOBUILD.1.3.0
2026-01-21 17:59:25,586 [WARN] PackLoader:240 - Cannot read IP mode file for STMicroelectronics.X-CUBE-AZRTOS-G0.1.1.0
2026-01-21 17:59:25,591 [WARN] PackLoader:240 - Cannot read IP mode file for STMicroelectronics.X-CUBE-SAFEA1.1.2.2
2026-01-21 17:59:25,595 [WARN] PackLoader:240 - Cannot read IP mode file for STMicroelectronics.X-CUBE-NFC4.3.0.0
2026-01-21 17:59:25,601 [WARN] PackLoader:240 - Cannot read IP mode file for EmbeddedOffice.I-CUBE-FS-RTOS.1.0.1
2026-01-21 17:59:25,605 [WARN] PackLoader:240 - Cannot read IP mode file for STMicroelectronics.X-CUBE-WB05N.2.0.0
2026-01-21 17:59:25,611 [WARN] PackLoader:240 - Cannot read IP mode file for STMicroelectronics.X-CUBE-BLEMGR.3.0.0
2026-01-21 17:59:25,615 [WARN] PackLoader:240 - Cannot read IP mode file for wolfSSL.I-CUBE-wolfTPM.3.8.0
2026-01-21 17:59:25,619 [WARN] PackLoader:240 - Cannot read IP mode file for STMicroelectronics.X-CUBE-TCPP.4.2.0
2026-01-21 17:59:25,623 [WARN] PackLoader:240 - Cannot read IP mode file for RealThread.X-CUBE-RT-Thread_Nano.4.1.1
2026-01-21 17:59:25,626 [WARN] PackLoader:240 - Cannot read IP mode file for STMicroelectronics.FP-ATR-SIGFOX1.3.2.0
2026-01-21 17:59:25,628 [WARN] ConditionMgr:438 - getConditionDescription Invalid condition id : Cortex-A Device cause : null
2026-01-21 17:59:25,633 [WARN] ConditionMgr:1044 - genDependencies : Invalid condition id : Cortex-A Device cause : null
2026-01-21 17:59:25,633 [WARN] ConditionMgr:1044 - genDependencies : Invalid condition id : Cortex-A Device cause : null
2026-01-21 17:59:25,634 [WARN] ConditionMgr:1044 - genDependencies : Invalid condition id : Cortex-A Device cause : null
2026-01-21 17:59:25,637 [WARN] PackLoader:240 - Cannot read IP mode file for STMicroelectronics.X-CUBE-EEPRMA1.5.1.0
2026-01-21 17:59:25,642 [WARN] PackLoader:240 - Cannot read IP mode file for ITTIA_DB.I-CUBE-ITTIADB.8.9.0
2026-01-21 17:59:25,646 [WARN] PackLoader:240 - Cannot read IP mode file for STMicroelectronics.X-CUBE-NFC6.3.2.0
2026-01-21 17:59:25,651 [WARN] PackLoader:240 - Cannot read IP mode file for STMicroelectronics.X-CUBE-ST67W61.1.0.0
2026-01-21 17:59:25,654 [WARN] PackLoader:240 - Cannot read IP mode file for STMicroelectronics.X-CUBE-AI.10.2.0
2026-01-21 17:59:25,668 [WARN] PackLoader:240 - Cannot read IP mode file for SEGGER.I-CUBE-embOS.1.3.1
2026-01-21 17:59:25,689 [WARN] PackLoader:240 - Cannot read IP mode file for STMicroelectronics.X-CUBE-ALGOBUILD.1.4.0
2026-01-21 17:59:25,711 [WARN] PackLoader:240 - Cannot read IP mode file for STMicroelectronics.X-CUBE-MEMS1.11.3.0
2026-01-21 17:59:25,781 [WARN] PackLoader:240 - Cannot read IP mode file for STMicroelectronics.X-CUBE-AI.9.1.0
2026-01-21 17:59:25,785 [WARN] PackLoader:240 - Cannot read IP mode file for STMicroelectronics.X-CUBE-PM33A1.1.0.0
2026-01-21 17:59:25,788 [WARN] PackLoader:240 - Cannot read IP mode file for STMicroelectronics.X-CUBE-GNSS1.6.0.0
2026-01-21 17:59:25,798 [WARN] PackLoader:240 - Cannot read IP mode file for STMicroelectronics.X-CUBE-AZRTOS-F4.1.1.0
2026-01-21 17:59:25,802 [WARN] PackLoader:240 - Cannot read IP mode file for wolfSSL.I-CUBE-wolfSSL.5.6.4
2026-01-21 17:59:25,806 [WARN] PackLoader:240 - Cannot read IP mode file for Avnet-IotConnect.X-CUBE-IoTC-DA16k-PMOD.1.0.0
2026-01-21 17:59:25,809 [WARN] PackLoader:240 - Cannot read IP mode file for STMicroelectronics.X-CUBE-ISPU.2.1.0
2026-01-21 17:59:25,816 [WARN] PackLoader:240 - Cannot read IP mode file for STMicroelectronics.X-CUBE-IPS.3.2.0
2026-01-21 17:59:25,824 [WARN] PackLoader:240 - Cannot read IP mode file for wolfSSL.I-CUBE-wolfSSL.5.6.6
2026-01-21 17:59:25,829 [WARN] PackLoader:240 - Cannot read IP mode file for STMicroelectronics.X-CUBE-NFC12.1.0.0
2026-01-21 17:59:25,840 [WARN] PackLoader:240 - Cannot read IP mode file for STMicroelectronics.X-CUBE-AZRTOS-L5.2.0.0
2026-01-21 17:59:25,844 [WARN] PackLoader:240 - Cannot read IP mode file for STMicroelectronics.X-CUBE-EEPRMA1.4.2.0
2026-01-21 17:59:25,862 [WARN] PackLoader:240 - Cannot read IP mode file for STMicroelectronics.X-CUBE-NFC6.3.1.0
2026-01-21 17:59:25,868 [WARN] PackLoader:240 - Cannot read IP mode file for ITTIA_DB.I-CUBE-ITTIADB.8.8.0
2026-01-21 17:59:25,871 [WARN] PackLoader:240 - Cannot read IP mode file for STMicroelectronics.X-CUBE-DPower.1.2.0
2026-01-21 17:59:25,876 [WARN] PackLoader:240 - Cannot read IP mode file for STMicroelectronics.X-CUBE-FREERTOS.1.3.1
2026-01-21 17:59:25,879 [WARN] PackLoader:240 - Cannot read IP mode file for STMicroelectronics.X-CUBE-FREERTOS.1.3.0
2026-01-21 17:59:25,885 [WARN] PackLoader:240 - Cannot read IP mode file for STMicroelectronics.X-CUBE-NFC7.1.0.1
2026-01-21 17:59:25,889 [WARN] PackLoader:240 - Cannot read IP mode file for STMicroelectronics.X-CUBE-TOUCHGFX.4.26.0
2026-01-21 17:59:25,893 [WARN] PackLoader:240 - Cannot read IP mode file for STMicroelectronics.X-CUBE-NFC6.3.0.0
2026-01-21 17:59:25,898 [WARN] PackLoader:240 - Cannot read IP mode file for STMicroelectronics.FP-SNS-STAIOTCFT.1.0.0
2026-01-21 17:59:25,902 [WARN] PackLoader:240 - Cannot read IP mode file for STMicroelectronics.X-CUBE-DPower.1.3.0
2026-01-21 17:59:25,905 [WARN] PackLoader:240 - Cannot read IP mode file for STMicroelectronics.X-CUBE-AI.8.1.0
2026-01-21 17:59:25,914 [WARN] ConditionMgr:438 - getConditionDescription Invalid condition id : LAN8742 Phy interface Condition cause : null
2026-01-21 17:59:25,915 [WARN] PackLoader:240 - Cannot read IP mode file for STMicroelectronics.X-CUBE-AZRTOS-L4.2.0.0
2026-01-21 17:59:25,916 [WARN] ConditionMgr:1044 - genDependencies : Invalid condition id : LAN8742 Phy interface Condition cause : null
2026-01-21 17:59:25,916 [WARN] ConditionMgr:1044 - genDependencies : Invalid condition id : LAN8742 Phy interface Condition cause : null
2026-01-21 17:59:25,917 [WARN] ConditionMgr:1044 - genDependencies : Invalid condition id : LAN8742 Phy interface Condition cause : null
2026-01-21 17:59:25,923 [WARN] PackLoader:240 - Cannot read IP mode file for STMicroelectronics.X-CUBE-SFXS2LP1.4.0.0
2026-01-21 17:59:25,928 [WARN] PackLoader:240 - Cannot read IP mode file for STMicroelectronics.X-CUBE-ST67W61.1.2.0
2026-01-21 17:59:25,938 [WARN] PackLoader:240 - Cannot read IP mode file for STMicroelectronics.X-CUBE-AZRTOS-H7.3.3.0
2026-01-21 17:59:25,946 [WARN] PackLoader:240 - Cannot read IP mode file for STMicroelectronics.X-CUBE-BLEMGR.4.1.0
2026-01-21 17:59:25,956 [WARN] PackLoader:240 - Cannot read IP mode file for STMicroelectronics.X-CUBE-IPS.3.0.0
2026-01-21 17:59:25,968 [WARN] ConditionMgr:438 - getConditionDescription Invalid condition id : UX DEVICE CLASS RTOS Condition cause : null
2026-01-21 17:59:25,968 [WARN] ConditionMgr:438 - getConditionDescription Invalid condition id : UX DEVICE CLASS RTOS Condition cause : null
2026-01-21 17:59:25,969 [WARN] PackLoader:240 - Cannot read IP mode file for STMicroelectronics.X-CUBE-AZRTOS-WB.2.0.0
2026-01-21 17:59:25,969 [WARN] ConditionMgr:1044 - genDependencies : Invalid condition id : UX DEVICE CLASS RTOS Condition cause : null
2026-01-21 17:59:25,969 [WARN] ConditionMgr:1044 - genDependencies : Invalid condition id : UX DEVICE CLASS RTOS Condition cause : null
2026-01-21 17:59:25,969 [WARN] ConditionMgr:1044 - genDependencies : Invalid condition id : UX DEVICE CLASS RTOS Condition cause : null
2026-01-21 17:59:25,970 [WARN] ConditionMgr:1044 - genDependencies : Invalid condition id : UX DEVICE CLASS RTOS Condition cause : null
2026-01-21 17:59:25,970 [WARN] ConditionMgr:1044 - genDependencies : Invalid condition id : UX DEVICE CLASS RTOS Condition cause : null
2026-01-21 17:59:25,973 [WARN] PackLoader:240 - Cannot read IP mode file for STMicroelectronics.X-CUBE-GNSS1.7.0.0
2026-01-21 17:59:25,978 [WARN] PackLoader:240 - Cannot read IP mode file for STMicroelectronics.X-CUBE-GNSS1.7.0.1
2026-01-21 17:59:25,981 [WARN] PackLoader:240 - Cannot read IP mode file for STMicroelectronics.X-CUBE-TOUCHGFX.4.25.0
2026-01-21 17:59:25,984 [WARN] PackLoader:240 - Cannot read IP mode file for STMicroelectronics.FP-SNS-STBOX1.2.0.0
2026-01-21 17:59:25,988 [WARN] ConditionMgr:438 - getConditionDescription Invalid condition id : Cortex-A Device cause : null
2026-01-21 17:59:25,993 [WARN] ConditionMgr:1044 - genDependencies : Invalid condition id : Cortex-A Device cause : null
2026-01-21 17:59:25,993 [WARN] ConditionMgr:1044 - genDependencies : Invalid condition id : Cortex-A Device cause : null
2026-01-21 17:59:25,993 [WARN] ConditionMgr:1044 - genDependencies : Invalid condition id : Cortex-A Device cause : null
2026-01-21 17:59:25,998 [WARN] PackLoader:240 - Cannot read IP mode file for STMicroelectronics.X-CUBE-STSE01.2.0.0
2026-01-21 17:59:26,006 [WARN] PackLoader:240 - Cannot read IP mode file for STMicroelectronics.X-CUBE-SUBG2.5.0.0
2026-01-21 17:59:26,017 [WARN] PackLoader:240 - Cannot read IP mode file for STMicroelectronics.X-CUBE-AZRTOS-H7RS.1.1.0
2026-01-21 17:59:26,020 [WARN] PackLoader:240 - Cannot read IP mode file for Cesanta.I-CUBE-Mongoose.7.13.0
2026-01-21 17:59:26,028 [WARN] PackLoader:240 - Cannot read IP mode file for STMicroelectronics.X-CUBE-AZRTOS-G4.2.0.0
2026-01-21 17:59:26,036 [WARN] PackLoader:240 - Cannot read IP mode file for Infineon.AIROC-Wi-Fi-Bluetooth-STM32.1.5.1
2026-01-21 17:59:26,041 [WARN] PackLoader:240 - Cannot read IP mode file for wolfSSL.I-CUBE-wolfSSH.1.4.20
2026-01-21 17:59:26,044 [WARN] PackLoader:240 - Cannot read IP mode file for STMicroelectronics.X-CUBE-NFC7.2.0.0
2026-01-21 17:59:26,047 [WARN] PackLoader:240 - Cannot read IP mode file for STMicroelectronics.FP-SNS-MOTENVWB1.1.3.1
2026-01-21 17:59:26,050 [WARN] PackLoader:240 - Cannot read IP mode file for STMicroelectronics.X-CUBE-ISPU.2.0.0
2026-01-21 17:59:26,056 [WARN] PackLoader:240 - Cannot read IP mode file for STMicroelectronics.X-CUBE-IPS.3.1.0
2026-01-21 17:59:26,063 [WARN] PackLoader:240 - Cannot read IP mode file for STMicroelectronics.X-CUBE-ALS.1.0.2
2026-01-21 17:59:26,079 [WARN] PackLoader:240 - Cannot read IP mode file for STMicroelectronics.X-CUBE-MEMS1.10.0.0
2026-01-21 17:59:26,130 [WARN] PackLoader:240 - Cannot read IP mode file for STMicroelectronics.X-CUBE-FREERTOS.1.1.0
2026-01-21 17:59:26,133 [WARN] PackLoader:240 - Cannot read IP mode file for STMicroelectronics.X-CUBE-TOUCHGFX.4.24.1
2026-01-21 17:59:26,137 [WARN] PackLoader:240 - Cannot read IP mode file for STMicroelectronics.X-CUBE-STSE01.1.0.0
2026-01-21 17:59:26,140 [WARN] PackLoader:240 - Cannot read IP mode file for wolfSSL.I-CUBE-wolfTPM.3.4.0
2026-01-21 17:59:26,145 [WARN] PackLoader:240 - Cannot read IP mode file for portGmbH.I-Cube-SoM-uGOAL.1.1.0
2026-01-21 17:59:26,148 [WARN] PackLoader:240 - Cannot read IP mode file for STMicroelectronics.X-CUBE-ALS.1.0.1
2026-01-21 17:59:26,158 [WARN] PackLoader:240 - Cannot read IP mode file for STMicroelectronics.X-CUBE-AZRTOS-H7RS.1.0.0
2026-01-21 17:59:26,163 [WARN] PackLoader:240 - Cannot read IP mode file for STMicroelectronics.FP-ATR-ASTRA1.2.0.0
2026-01-21 17:59:26,171 [WARN] PackLoader:240 - Cannot read IP mode file for STMicroelectronics.X-CUBE-TOF1.3.4.2
2026-01-21 17:59:26,181 [WARN] PackLoader:240 - Cannot read IP mode file for STMicroelectronics.X-CUBE-TOF1.3.4.3
2026-01-21 17:59:26,191 [WARN] PackLoader:240 - Cannot read IP mode file for STMicroelectronics.X-CUBE-TOF1.3.4.0
2026-01-21 17:59:26,206 [WARN] PackLoader:240 - Cannot read IP mode file for STMicroelectronics.X-CUBE-AZRTOS-H7.3.2.0
2026-01-21 17:59:26,210 [WARN] PackLoader:240 - Cannot read IP mode file for wolfSSL.I-CUBE-wolfSSH.1.4.17
2026-01-21 17:59:26,211 [INFO] ThirdParty:978 - Integrity check success = true
2026-01-21 17:59:26,211 [INFO] IntegrityCheckThread:100 - exiting critical section [integrity check]
2026-01-21 17:59:26,211 [INFO] IntegrityCheckThread:103 - End integrity checks thread
2026-01-21 18:09:20,911 [ERROR] LogOutputStream:75 - [STDERR_REDIRECT] 
